#! /c/Source/iverilog-install/bin/vvp
:ivl_version "12.0 (devel)" "(s20150603-1539-g2693dd32b)";
:ivl_delay_selection "TYPICAL";
:vpi_time_precision - 12;
:vpi_module "C:\iverilog\lib\ivl\system.vpi";
:vpi_module "C:\iverilog\lib\ivl\vhdl_sys.vpi";
:vpi_module "C:\iverilog\lib\ivl\vhdl_textio.vpi";
:vpi_module "C:\iverilog\lib\ivl\v2005_math.vpi";
:vpi_module "C:\iverilog\lib\ivl\va_math.vpi";
S_00000243f78d1e00 .scope module, "tb" "tb" 2 4;
 .timescale -9 -12;
v00000243f7892990_0 .var "a", 3 0;
v00000243f7892a30_0 .var "b", 3 0;
v00000243f7892ad0_0 .net "sum", 4 0, L_00000243f78c40e0;  1 drivers
S_00000243f78ceac0 .scope module, "uut" "adder_4bit" 2 10, 3 3 0, S_00000243f78d1e00;
 .timescale -9 -12;
    .port_info 0 /INPUT 4 "a";
    .port_info 1 /INPUT 4 "b";
    .port_info 2 /OUTPUT 5 "sum";
v00000243f79f86b0_0 .net *"_ivl_0", 4 0, L_00000243f7892b70;  1 drivers
L_00000243f791f028 .functor BUFT 1, C4<0>, C4<0>, C4<0>, C4<0>;
v00000243f78cec50_0 .net *"_ivl_3", 0 0, L_00000243f791f028;  1 drivers
v00000243f78cecf0_0 .net *"_ivl_4", 4 0, L_00000243f7892c10;  1 drivers
L_00000243f791f070 .functor BUFT 1, C4<0>, C4<0>, C4<0>, C4<0>;
v00000243f78ced90_0 .net *"_ivl_7", 0 0, L_00000243f791f070;  1 drivers
v00000243f78cee30_0 .net "a", 3 0, v00000243f7892990_0;  1 drivers
v00000243f7892850_0 .net "b", 3 0, v00000243f7892a30_0;  1 drivers
v00000243f78928f0_0 .net "sum", 4 0, L_00000243f78c40e0;  alias, 1 drivers
L_00000243f7892b70 .concat [ 4 1 0 0], v00000243f7892990_0, L_00000243f791f028;
L_00000243f7892c10 .concat [ 4 1 0 0], v00000243f7892a30_0, L_00000243f791f070;
L_00000243f78c40e0 .arith/sum 5, L_00000243f7892b70, L_00000243f7892c10;
    .scope S_00000243f78d1e00;
T_0 ;
    %pushi/vec4 0, 0, 4;
    %store/vec4 v00000243f7892990_0, 0, 4;
    %pushi/vec4 0, 0, 4;
    %store/vec4 v00000243f7892a30_0, 0, 4;
    %delay 1000, 0;
    %vpi_call 2 21 "$display", "%d,%d,%d", v00000243f7892990_0, v00000243f7892a30_0, v00000243f7892ad0_0 {0 0 0};
    %pushi/vec4 1, 0, 4;
    %store/vec4 v00000243f7892990_0, 0, 4;
    %pushi/vec4 1, 0, 4;
    %store/vec4 v00000243f7892a30_0, 0, 4;
    %delay 1000, 0;
    %vpi_call 2 26 "$display", "%d,%d,%d", v00000243f7892990_0, v00000243f7892a30_0, v00000243f7892ad0_0 {0 0 0};
    %pushi/vec4 2, 0, 4;
    %store/vec4 v00000243f7892990_0, 0, 4;
    %pushi/vec4 3, 0, 4;
    %store/vec4 v00000243f7892a30_0, 0, 4;
    %delay 1000, 0;
    %vpi_call 2 31 "$display", "%d,%d,%d", v00000243f7892990_0, v00000243f7892a30_0, v00000243f7892ad0_0 {0 0 0};
    %pushi/vec4 7, 0, 4;
    %store/vec4 v00000243f7892990_0, 0, 4;
    %pushi/vec4 1, 0, 4;
    %store/vec4 v00000243f7892a30_0, 0, 4;
    %delay 1000, 0;
    %vpi_call 2 36 "$display", "%d,%d,%d", v00000243f7892990_0, v00000243f7892a30_0, v00000243f7892ad0_0 {0 0 0};
    %pushi/vec4 3, 0, 4;
    %store/vec4 v00000243f7892990_0, 0, 4;
    %pushi/vec4 7, 0, 4;
    %store/vec4 v00000243f7892a30_0, 0, 4;
    %delay 1000, 0;
    %vpi_call 2 41 "$display", "%d,%d,%d", v00000243f7892990_0, v00000243f7892a30_0, v00000243f7892ad0_0 {0 0 0};
    %pushi/vec4 6, 0, 4;
    %store/vec4 v00000243f7892990_0, 0, 4;
    %pushi/vec4 5, 0, 4;
    %store/vec4 v00000243f7892a30_0, 0, 4;
    %delay 1000, 0;
    %vpi_call 2 46 "$display", "%d,%d,%d", v00000243f7892990_0, v00000243f7892a30_0, v00000243f7892ad0_0 {0 0 0};
    %pushi/vec4 0, 0, 4;
    %store/vec4 v00000243f7892990_0, 0, 4;
    %pushi/vec4 15, 0, 4;
    %store/vec4 v00000243f7892a30_0, 0, 4;
    %delay 1000, 0;
    %vpi_call 2 51 "$display", "%d,%d,%d", v00000243f7892990_0, v00000243f7892a30_0, v00000243f7892ad0_0 {0 0 0};
    %pushi/vec4 15, 0, 4;
    %store/vec4 v00000243f7892990_0, 0, 4;
    %pushi/vec4 0, 0, 4;
    %store/vec4 v00000243f7892a30_0, 0, 4;
    %delay 1000, 0;
    %vpi_call 2 56 "$display", "%d,%d,%d", v00000243f7892990_0, v00000243f7892a30_0, v00000243f7892ad0_0 {0 0 0};
    %pushi/vec4 15, 0, 4;
    %store/vec4 v00000243f7892990_0, 0, 4;
    %pushi/vec4 1, 0, 4;
    %store/vec4 v00000243f7892a30_0, 0, 4;
    %delay 1000, 0;
    %vpi_call 2 61 "$display", "%d,%d,%d", v00000243f7892990_0, v00000243f7892a30_0, v00000243f7892ad0_0 {0 0 0};
    %pushi/vec4 14, 0, 4;
    %store/vec4 v00000243f7892990_0, 0, 4;
    %pushi/vec4 1, 0, 4;
    %store/vec4 v00000243f7892a30_0, 0, 4;
    %delay 1000, 0;
    %vpi_call 2 66 "$display", "%d,%d,%d", v00000243f7892990_0, v00000243f7892a30_0, v00000243f7892ad0_0 {0 0 0};
    %pushi/vec4 15, 0, 4;
    %store/vec4 v00000243f7892990_0, 0, 4;
    %pushi/vec4 15, 0, 4;
    %store/vec4 v00000243f7892a30_0, 0, 4;
    %delay 1000, 0;
    %vpi_call 2 71 "$display", "%d,%d,%d", v00000243f7892990_0, v00000243f7892a30_0, v00000243f7892ad0_0 {0 0 0};
    %pushi/vec4 7, 0, 4;
    %store/vec4 v00000243f7892990_0, 0, 4;
    %pushi/vec4 7, 0, 4;
    %store/vec4 v00000243f7892a30_0, 0, 4;
    %delay 1000, 0;
    %vpi_call 2 76 "$display", "%d,%d,%d", v00000243f7892990_0, v00000243f7892a30_0, v00000243f7892ad0_0 {0 0 0};
    %pushi/vec4 6, 0, 4;
    %store/vec4 v00000243f7892990_0, 0, 4;
    %pushi/vec4 7, 0, 4;
    %store/vec4 v00000243f7892a30_0, 0, 4;
    %delay 1000, 0;
    %vpi_call 2 81 "$display", "%d,%d,%d", v00000243f7892990_0, v00000243f7892a30_0, v00000243f7892ad0_0 {0 0 0};
    %pushi/vec4 5, 0, 4;
    %store/vec4 v00000243f7892990_0, 0, 4;
    %pushi/vec4 10, 0, 4;
    %store/vec4 v00000243f7892a30_0, 0, 4;
    %delay 1000, 0;
    %vpi_call 2 86 "$display", "%d,%d,%d", v00000243f7892990_0, v00000243f7892a30_0, v00000243f7892ad0_0 {0 0 0};
    %pushi/vec4 15, 0, 4;
    %store/vec4 v00000243f7892990_0, 0, 4;
    %pushi/vec4 14, 0, 4;
    %store/vec4 v00000243f7892a30_0, 0, 4;
    %delay 1000, 0;
    %vpi_call 2 91 "$display", "%d,%d,%d", v00000243f7892990_0, v00000243f7892a30_0, v00000243f7892ad0_0 {0 0 0};
    %pushi/vec4 7, 0, 4;
    %store/vec4 v00000243f7892990_0, 0, 4;
    %pushi/vec4 15, 0, 4;
    %store/vec4 v00000243f7892a30_0, 0, 4;
    %delay 1000, 0;
    %vpi_call 2 96 "$display", "%d,%d,%d", v00000243f7892990_0, v00000243f7892a30_0, v00000243f7892ad0_0 {0 0 0};
    %pushi/vec4 7, 0, 4;
    %store/vec4 v00000243f7892990_0, 0, 4;
    %pushi/vec4 8, 0, 4;
    %store/vec4 v00000243f7892a30_0, 0, 4;
    %delay 1000, 0;
    %vpi_call 2 101 "$display", "%d,%d,%d", v00000243f7892990_0, v00000243f7892a30_0, v00000243f7892ad0_0 {0 0 0};
    %pushi/vec4 3, 0, 4;
    %store/vec4 v00000243f7892990_0, 0, 4;
    %pushi/vec4 15, 0, 4;
    %store/vec4 v00000243f7892a30_0, 0, 4;
    %delay 1000, 0;
    %vpi_call 2 106 "$display", "%d,%d,%d", v00000243f7892990_0, v00000243f7892a30_0, v00000243f7892ad0_0 {0 0 0};
    %pushi/vec4 14, 0, 4;
    %store/vec4 v00000243f7892990_0, 0, 4;
    %pushi/vec4 14, 0, 4;
    %store/vec4 v00000243f7892a30_0, 0, 4;
    %delay 1000, 0;
    %vpi_call 2 111 "$display", "%d,%d,%d", v00000243f7892990_0, v00000243f7892a30_0, v00000243f7892ad0_0 {0 0 0};
    %vpi_call 2 113 "$finish" {0 0 0};
    %end;
    .thread T_0;
# The file index is used to find the file name in the following table.
:file_names 4;
    "N/A";
    "<interactive>";
    "generated_tb.v";
    "samples/adder_4bit.v";
